**************************************************
Report         : unmatched_points
                 -status unread 

Reference      : r:/WORK/g03_top_IO
Implementation : i:/WORK/g03_top_IO
Version        : Q-2019.12-SP5
Date           : Thu Aug  6 10:51:56 2026
**************************************************

325 Unmatched points (325 reference, 0 implementation):

  Ref  DFF        r:/WORK/g03_top_IO/u_g03_soc/u_core_hjx/u_exu/u_exu_ext_rt/temp_data_reg[0]

  Ref  DFF        r:/WORK/g03_top_IO/u_g03_soc/u_core_hjx/u_exu/u_exu_ext_rt/temp_data_reg[15]

  Ref  DFF        r:/WORK/g03_top_IO/u_g03_soc/u_core_hjx/u_exu/u_exu_ext_rt/temp_data_reg[16]

  Ref  DFF        r:/WORK/g03_top_IO/u_g03_soc/u_core_hjx/u_exu/u_exu_ext_rt/temp_data_reg[17]

  Ref  DFF        r:/WORK/g03_top_IO/u_g03_soc/u_core_hjx/u_exu/u_exu_ext_rt/temp_data_reg[18]

  Ref  DFF        r:/WORK/g03_top_IO/u_g03_soc/u_core_hjx/u_exu/u_exu_ext_rt/temp_data_reg[19]

  Ref  DFF        r:/WORK/g03_top_IO/u_g03_soc/u_core_hjx/u_exu/u_exu_ext_rt/temp_data_reg[1]

  Ref  DFF        r:/WORK/g03_top_IO/u_g03_soc/u_core_hjx/u_exu/u_exu_ext_rt/temp_data_reg[20]

  Ref  DFF        r:/WORK/g03_top_IO/u_g03_soc/u_core_hjx/u_exu/u_exu_ext_rt/temp_data_reg[21]

  Ref  DFF        r:/WORK/g03_top_IO/u_g03_soc/u_core_hjx/u_exu/u_exu_ext_rt/temp_data_reg[22]

  Ref  DFF        r:/WORK/g03_top_IO/u_g03_soc/u_core_hjx/u_exu/u_exu_ext_rt/temp_data_reg[23]

  Ref  DFF        r:/WORK/g03_top_IO/u_g03_soc/u_core_hjx/u_exu/u_exu_ext_rt/temp_data_reg[24]

  Ref  DFF        r:/WORK/g03_top_IO/u_g03_soc/u_core_hjx/u_exu/u_exu_ext_rt/temp_data_reg[25]

  Ref  DFF        r:/WORK/g03_top_IO/u_g03_soc/u_core_hjx/u_exu/u_exu_ext_rt/temp_data_reg[26]

  Ref  DFF        r:/WORK/g03_top_IO/u_g03_soc/u_core_hjx/u_exu/u_exu_ext_rt/temp_data_reg[27]

  Ref  DFF        r:/WORK/g03_top_IO/u_g03_soc/u_core_hjx/u_exu/u_exu_ext_rt/temp_data_reg[28]

  Ref  DFF        r:/WORK/g03_top_IO/u_g03_soc/u_core_hjx/u_exu/u_exu_ext_rt/temp_data_reg[29]

  Ref  DFF        r:/WORK/g03_top_IO/u_g03_soc/u_core_hjx/u_exu/u_exu_ext_rt/temp_data_reg[2]

  Ref  DFF        r:/WORK/g03_top_IO/u_g03_soc/u_core_hjx/u_exu/u_exu_ext_rt/temp_data_reg[30]

  Ref  DFF        r:/WORK/g03_top_IO/u_g03_soc/u_core_hjx/u_exu/u_exu_ext_rt/temp_data_reg[31]

  Ref  DFF        r:/WORK/g03_top_IO/u_g03_soc/u_core_hjx/u_exu/u_exu_ext_rt/temp_data_reg[3]

  Ref  DFF        r:/WORK/g03_top_IO/u_g03_soc/u_core_hjx/u_exu/u_exu_ext_rt/temp_data_reg[4]

  Ref  DFF        r:/WORK/g03_top_IO/u_g03_soc/u_core_hjx/u_exu/u_exu_ext_rt/temp_data_reg[5]

  Ref  DFF        r:/WORK/g03_top_IO/u_g03_soc/u_core_hjx/u_exu/u_exu_ext_rt/temp_data_reg[6]

  Ref  DFF0X      r:/WORK/g03_top_IO/u_g03_soc/u_core_hjx/u_idu_exu/inst_ff/qout_r_reg[0]

  Ref  DFF0X      r:/WORK/g03_top_IO/u_g03_soc/u_core_hjx/u_idu_exu/inst_ff/qout_r_reg[10]

  Ref  DFF0X      r:/WORK/g03_top_IO/u_g03_soc/u_core_hjx/u_idu_exu/inst_ff/qout_r_reg[11]

  Ref  DFF0X      r:/WORK/g03_top_IO/u_g03_soc/u_core_hjx/u_idu_exu/inst_ff/qout_r_reg[12]

  Ref  DFF0X      r:/WORK/g03_top_IO/u_g03_soc/u_core_hjx/u_idu_exu/inst_ff/qout_r_reg[13]

  Ref  DFF0X      r:/WORK/g03_top_IO/u_g03_soc/u_core_hjx/u_idu_exu/inst_ff/qout_r_reg[14]

  Ref  DFF0X      r:/WORK/g03_top_IO/u_g03_soc/u_core_hjx/u_idu_exu/inst_ff/qout_r_reg[15]

  Ref  DFF0X      r:/WORK/g03_top_IO/u_g03_soc/u_core_hjx/u_idu_exu/inst_ff/qout_r_reg[16]

  Ref  DFF0X      r:/WORK/g03_top_IO/u_g03_soc/u_core_hjx/u_idu_exu/inst_ff/qout_r_reg[17]

  Ref  DFF0X      r:/WORK/g03_top_IO/u_g03_soc/u_core_hjx/u_idu_exu/inst_ff/qout_r_reg[18]

  Ref  DFF0X      r:/WORK/g03_top_IO/u_g03_soc/u_core_hjx/u_idu_exu/inst_ff/qout_r_reg[19]

  Ref  DFF0X      r:/WORK/g03_top_IO/u_g03_soc/u_core_hjx/u_idu_exu/inst_ff/qout_r_reg[1]

  Ref  DFF0X      r:/WORK/g03_top_IO/u_g03_soc/u_core_hjx/u_idu_exu/inst_ff/qout_r_reg[20]

  Ref  DFF0X      r:/WORK/g03_top_IO/u_g03_soc/u_core_hjx/u_idu_exu/inst_ff/qout_r_reg[21]

  Ref  DFF0X      r:/WORK/g03_top_IO/u_g03_soc/u_core_hjx/u_idu_exu/inst_ff/qout_r_reg[22]

  Ref  DFF0X      r:/WORK/g03_top_IO/u_g03_soc/u_core_hjx/u_idu_exu/inst_ff/qout_r_reg[23]

  Ref  DFF0X      r:/WORK/g03_top_IO/u_g03_soc/u_core_hjx/u_idu_exu/inst_ff/qout_r_reg[24]

  Ref  DFF0X      r:/WORK/g03_top_IO/u_g03_soc/u_core_hjx/u_idu_exu/inst_ff/qout_r_reg[25]

  Ref  DFF0X      r:/WORK/g03_top_IO/u_g03_soc/u_core_hjx/u_idu_exu/inst_ff/qout_r_reg[26]

  Ref  DFF0X      r:/WORK/g03_top_IO/u_g03_soc/u_core_hjx/u_idu_exu/inst_ff/qout_r_reg[27]

  Ref  DFF0X      r:/WORK/g03_top_IO/u_g03_soc/u_core_hjx/u_idu_exu/inst_ff/qout_r_reg[28]

  Ref  DFF0X      r:/WORK/g03_top_IO/u_g03_soc/u_core_hjx/u_idu_exu/inst_ff/qout_r_reg[29]

  Ref  DFF0X      r:/WORK/g03_top_IO/u_g03_soc/u_core_hjx/u_idu_exu/inst_ff/qout_r_reg[2]

  Ref  DFF0X      r:/WORK/g03_top_IO/u_g03_soc/u_core_hjx/u_idu_exu/inst_ff/qout_r_reg[30]

  Ref  DFF0X      r:/WORK/g03_top_IO/u_g03_soc/u_core_hjx/u_idu_exu/inst_ff/qout_r_reg[31]

  Ref  DFF0X      r:/WORK/g03_top_IO/u_g03_soc/u_core_hjx/u_idu_exu/inst_ff/qout_r_reg[3]

  Ref  DFF0X      r:/WORK/g03_top_IO/u_g03_soc/u_core_hjx/u_idu_exu/inst_ff/qout_r_reg[4]

  Ref  DFF0X      r:/WORK/g03_top_IO/u_g03_soc/u_core_hjx/u_idu_exu/inst_ff/qout_r_reg[5]

  Ref  DFF0X      r:/WORK/g03_top_IO/u_g03_soc/u_core_hjx/u_idu_exu/inst_ff/qout_r_reg[6]

  Ref  DFF0X      r:/WORK/g03_top_IO/u_g03_soc/u_core_hjx/u_idu_exu/inst_ff/qout_r_reg[7]

  Ref  DFF0X      r:/WORK/g03_top_IO/u_g03_soc/u_core_hjx/u_idu_exu/inst_ff/qout_r_reg[8]

  Ref  DFF0X      r:/WORK/g03_top_IO/u_g03_soc/u_core_hjx/u_idu_exu/inst_ff/qout_r_reg[9]

  Ref  DFF        r:/WORK/g03_top_IO/u_g03_soc/u_core_wzc/u_kalsit_core/u_ifu/u_ifu_ifetch/request_base_word_reg[10]

  Ref  DFF        r:/WORK/g03_top_IO/u_g03_soc/u_core_wzc/u_kalsit_core/u_ifu/u_ifu_ifetch/request_base_word_reg[11]

  Ref  DFF        r:/WORK/g03_top_IO/u_g03_soc/u_core_wzc/u_kalsit_core/u_ifu/u_ifu_ifetch/request_base_word_reg[12]

  Ref  DFF        r:/WORK/g03_top_IO/u_g03_soc/u_core_wzc/u_kalsit_core/u_ifu/u_ifu_ifetch/request_base_word_reg[13]

  Ref  DFF        r:/WORK/g03_top_IO/u_g03_soc/u_core_wzc/u_kalsit_core/u_ifu/u_ifu_ifetch/request_base_word_reg[22]

  Ref  DFF        r:/WORK/g03_top_IO/u_g03_soc/u_core_wzc/u_kalsit_core/u_ifu/u_ifu_ifetch/request_base_word_reg[23]

  Ref  DFF        r:/WORK/g03_top_IO/u_g03_soc/u_core_wzc/u_kalsit_core/u_ifu/u_ifu_ifetch/request_base_word_reg[24]

  Ref  DFF        r:/WORK/g03_top_IO/u_g03_soc/u_core_wzc/u_kalsit_core/u_ifu/u_ifu_ifetch/request_base_word_reg[25]

  Ref  DFF        r:/WORK/g03_top_IO/u_g03_soc/u_core_wzc/u_kalsit_core/u_ifu/u_ifu_ifetch/request_base_word_reg[8]

  Ref  DFF        r:/WORK/g03_top_IO/u_g03_soc/u_core_wzc/u_kalsit_core/u_ifu/u_ifu_ifetch/request_base_word_reg[9]

  Ref  DFF        r:/WORK/g03_top_IO/u_g03_soc/u_core_wzc/u_kalsit_core/u_mem_top/u_mem_ifu/rs1_data_r_reg[10]

  Ref  DFF        r:/WORK/g03_top_IO/u_g03_soc/u_core_wzc/u_kalsit_core/u_mem_top/u_mem_ifu/rs1_data_r_reg[11]

  Ref  DFF        r:/WORK/g03_top_IO/u_g03_soc/u_core_wzc/u_kalsit_core/u_mem_top/u_mem_ifu/rs1_data_r_reg[12]

  Ref  DFF        r:/WORK/g03_top_IO/u_g03_soc/u_core_wzc/u_kalsit_core/u_mem_top/u_mem_ifu/rs1_data_r_reg[13]

  Ref  DFF        r:/WORK/g03_top_IO/u_g03_soc/u_core_wzc/u_kalsit_core/u_mem_top/u_mem_ifu/rs1_data_r_reg[14]

  Ref  DFF        r:/WORK/g03_top_IO/u_g03_soc/u_core_wzc/u_kalsit_core/u_mem_top/u_mem_ifu/rs1_data_r_reg[15]

  Ref  DFF        r:/WORK/g03_top_IO/u_g03_soc/u_core_wzc/u_kalsit_core/u_mem_top/u_mem_ifu/rs1_data_r_reg[16]

  Ref  DFF        r:/WORK/g03_top_IO/u_g03_soc/u_core_wzc/u_kalsit_core/u_mem_top/u_mem_ifu/rs1_data_r_reg[17]

  Ref  DFF        r:/WORK/g03_top_IO/u_g03_soc/u_core_wzc/u_kalsit_core/u_mem_top/u_mem_ifu/rs1_data_r_reg[18]

  Ref  DFF        r:/WORK/g03_top_IO/u_g03_soc/u_core_wzc/u_kalsit_core/u_mem_top/u_mem_ifu/rs1_data_r_reg[19]

  Ref  DFF        r:/WORK/g03_top_IO/u_g03_soc/u_core_wzc/u_kalsit_core/u_mem_top/u_mem_ifu/rs1_data_r_reg[20]

  Ref  DFF        r:/WORK/g03_top_IO/u_g03_soc/u_core_wzc/u_kalsit_core/u_mem_top/u_mem_ifu/rs1_data_r_reg[21]

  Ref  DFF        r:/WORK/g03_top_IO/u_g03_soc/u_core_wzc/u_kalsit_core/u_mem_top/u_mem_ifu/rs1_data_r_reg[22]

  Ref  DFF        r:/WORK/g03_top_IO/u_g03_soc/u_core_wzc/u_kalsit_core/u_mem_top/u_mem_ifu/rs1_data_r_reg[23]

  Ref  DFF        r:/WORK/g03_top_IO/u_g03_soc/u_core_wzc/u_kalsit_core/u_mem_top/u_mem_ifu/rs1_data_r_reg[24]

  Ref  DFF        r:/WORK/g03_top_IO/u_g03_soc/u_core_wzc/u_kalsit_core/u_mem_top/u_mem_ifu/rs1_data_r_reg[25]

  Ref  DFF        r:/WORK/g03_top_IO/u_g03_soc/u_core_wzc/u_kalsit_core/u_mem_top/u_mem_ifu/rs1_data_r_reg[26]

  Ref  DFF        r:/WORK/g03_top_IO/u_g03_soc/u_core_wzc/u_kalsit_core/u_mem_top/u_mem_ifu/rs1_data_r_reg[27]

  Ref  DFF        r:/WORK/g03_top_IO/u_g03_soc/u_core_wzc/u_kalsit_core/u_mem_top/u_mem_ifu/rs1_data_r_reg[28]

  Ref  DFF        r:/WORK/g03_top_IO/u_g03_soc/u_core_wzc/u_kalsit_core/u_mem_top/u_mem_ifu/rs1_data_r_reg[29]

  Ref  DFF        r:/WORK/g03_top_IO/u_g03_soc/u_core_wzc/u_kalsit_core/u_mem_top/u_mem_ifu/rs1_data_r_reg[30]

  Ref  DFF        r:/WORK/g03_top_IO/u_g03_soc/u_core_wzc/u_kalsit_core/u_mem_top/u_mem_ifu/rs1_data_r_reg[31]

  Ref  DFF        r:/WORK/g03_top_IO/u_g03_soc/u_core_wzc/u_kalsit_core/u_mem_top/u_mem_ifu/rs1_data_r_reg[8]

  Ref  DFF        r:/WORK/g03_top_IO/u_g03_soc/u_core_wzc/u_kalsit_core/u_mem_top/u_mem_ifu/rs1_data_r_reg[9]

  Ref  DFF        r:/WORK/g03_top_IO/u_g03_soc/u_core_wzc/u_kalsit_core/u_mem_top/u_mem_lsu/addr_r_reg[10]

  Ref  DFF        r:/WORK/g03_top_IO/u_g03_soc/u_core_wzc/u_kalsit_core/u_mem_top/u_mem_lsu/addr_r_reg[11]

  Ref  DFF        r:/WORK/g03_top_IO/u_g03_soc/u_core_wzc/u_kalsit_core/u_mem_top/u_mem_lsu/addr_r_reg[12]

  Ref  DFF        r:/WORK/g03_top_IO/u_g03_soc/u_core_wzc/u_kalsit_core/u_mem_top/u_mem_lsu/addr_r_reg[13]

  Ref  DFF        r:/WORK/g03_top_IO/u_g03_soc/u_core_wzc/u_kalsit_core/u_mem_top/u_mem_lsu/addr_r_reg[14]

  Ref  DFF        r:/WORK/g03_top_IO/u_g03_soc/u_core_wzc/u_kalsit_core/u_mem_top/u_mem_lsu/addr_r_reg[15]

  Ref  DFF        r:/WORK/g03_top_IO/u_g03_soc/u_core_wzc/u_kalsit_core/u_mem_top/u_mem_lsu/addr_r_reg[24]

  Ref  DFF        r:/WORK/g03_top_IO/u_g03_soc/u_core_wzc/u_kalsit_core/u_mem_top/u_mem_lsu/addr_r_reg[25]

  Ref  DFF        r:/WORK/g03_top_IO/u_g03_soc/u_core_wzc/u_kalsit_core/u_mem_top/u_mem_lsu/addr_r_reg[26]

  Ref  DFF        r:/WORK/g03_top_IO/u_g03_soc/u_core_wzc/u_kalsit_core/u_mem_top/u_mem_lsu/addr_r_reg[27]

  Ref  DFF        r:/WORK/g03_top_IO/u_g03_soc/u_core_xyh/u_exu/u_exu_extension/u_ext_readtemp/temp_data_r_reg[0]

  Ref  DFF        r:/WORK/g03_top_IO/u_g03_soc/u_core_xyh/u_exu/u_exu_extension/u_ext_readtemp/temp_data_r_reg[15]

  Ref  DFF        r:/WORK/g03_top_IO/u_g03_soc/u_core_xyh/u_exu/u_exu_extension/u_ext_readtemp/temp_data_r_reg[1]

  Ref  DFF        r:/WORK/g03_top_IO/u_g03_soc/u_core_xyh/u_exu/u_exu_extension/u_ext_readtemp/temp_data_r_reg[2]

  Ref  DFF        r:/WORK/g03_top_IO/u_g03_soc/u_core_xyh/u_exu/u_exu_extension/u_ext_readtemp/temp_data_r_reg[3]

  Ref  DFF        r:/WORK/g03_top_IO/u_g03_soc/u_core_xyh/u_exu/u_exu_extension/u_ext_readtemp/temp_data_r_reg[4]

  Ref  DFF        r:/WORK/g03_top_IO/u_g03_soc/u_core_xyh/u_exu/u_exu_extension/u_ext_readtemp/temp_data_r_reg[5]

  Ref  DFF        r:/WORK/g03_top_IO/u_g03_soc/u_core_xyh/u_exu/u_exu_extension/u_ext_readtemp/temp_data_r_reg[6]

  Ref  DFF        r:/WORK/g03_top_IO/u_g03_soc/u_core_xyh/u_exu/u_exu_extension/u_ext_sendid/ready_r_reg

  Ref  DFF0X      r:/WORK/g03_top_IO/u_g03_soc/u_core_xyh/u_idu_exu/inst_ff/qout_r_reg[0]

  Ref  DFF0X      r:/WORK/g03_top_IO/u_g03_soc/u_core_xyh/u_idu_exu/inst_ff/qout_r_reg[10]

  Ref  DFF0X      r:/WORK/g03_top_IO/u_g03_soc/u_core_xyh/u_idu_exu/inst_ff/qout_r_reg[11]

  Ref  DFF0X      r:/WORK/g03_top_IO/u_g03_soc/u_core_xyh/u_idu_exu/inst_ff/qout_r_reg[12]

  Ref  DFF0X      r:/WORK/g03_top_IO/u_g03_soc/u_core_xyh/u_idu_exu/inst_ff/qout_r_reg[13]

  Ref  DFF0X      r:/WORK/g03_top_IO/u_g03_soc/u_core_xyh/u_idu_exu/inst_ff/qout_r_reg[14]

  Ref  DFF0X      r:/WORK/g03_top_IO/u_g03_soc/u_core_xyh/u_idu_exu/inst_ff/qout_r_reg[15]

  Ref  DFF0X      r:/WORK/g03_top_IO/u_g03_soc/u_core_xyh/u_idu_exu/inst_ff/qout_r_reg[16]

  Ref  DFF0X      r:/WORK/g03_top_IO/u_g03_soc/u_core_xyh/u_idu_exu/inst_ff/qout_r_reg[17]

  Ref  DFF0X      r:/WORK/g03_top_IO/u_g03_soc/u_core_xyh/u_idu_exu/inst_ff/qout_r_reg[18]

  Ref  DFF0X      r:/WORK/g03_top_IO/u_g03_soc/u_core_xyh/u_idu_exu/inst_ff/qout_r_reg[19]

  Ref  DFF0X      r:/WORK/g03_top_IO/u_g03_soc/u_core_xyh/u_idu_exu/inst_ff/qout_r_reg[1]

  Ref  DFF0X      r:/WORK/g03_top_IO/u_g03_soc/u_core_xyh/u_idu_exu/inst_ff/qout_r_reg[20]

  Ref  DFF0X      r:/WORK/g03_top_IO/u_g03_soc/u_core_xyh/u_idu_exu/inst_ff/qout_r_reg[21]

  Ref  DFF0X      r:/WORK/g03_top_IO/u_g03_soc/u_core_xyh/u_idu_exu/inst_ff/qout_r_reg[22]

  Ref  DFF0X      r:/WORK/g03_top_IO/u_g03_soc/u_core_xyh/u_idu_exu/inst_ff/qout_r_reg[23]

  Ref  DFF0X      r:/WORK/g03_top_IO/u_g03_soc/u_core_xyh/u_idu_exu/inst_ff/qout_r_reg[24]

  Ref  DFF0X      r:/WORK/g03_top_IO/u_g03_soc/u_core_xyh/u_idu_exu/inst_ff/qout_r_reg[25]

  Ref  DFF0X      r:/WORK/g03_top_IO/u_g03_soc/u_core_xyh/u_idu_exu/inst_ff/qout_r_reg[26]

  Ref  DFF0X      r:/WORK/g03_top_IO/u_g03_soc/u_core_xyh/u_idu_exu/inst_ff/qout_r_reg[27]

  Ref  DFF0X      r:/WORK/g03_top_IO/u_g03_soc/u_core_xyh/u_idu_exu/inst_ff/qout_r_reg[28]

  Ref  DFF0X      r:/WORK/g03_top_IO/u_g03_soc/u_core_xyh/u_idu_exu/inst_ff/qout_r_reg[29]

  Ref  DFF0X      r:/WORK/g03_top_IO/u_g03_soc/u_core_xyh/u_idu_exu/inst_ff/qout_r_reg[2]

  Ref  DFF0X      r:/WORK/g03_top_IO/u_g03_soc/u_core_xyh/u_idu_exu/inst_ff/qout_r_reg[30]

  Ref  DFF0X      r:/WORK/g03_top_IO/u_g03_soc/u_core_xyh/u_idu_exu/inst_ff/qout_r_reg[31]

  Ref  DFF0X      r:/WORK/g03_top_IO/u_g03_soc/u_core_xyh/u_idu_exu/inst_ff/qout_r_reg[3]

  Ref  DFF0X      r:/WORK/g03_top_IO/u_g03_soc/u_core_xyh/u_idu_exu/inst_ff/qout_r_reg[4]

  Ref  DFF0X      r:/WORK/g03_top_IO/u_g03_soc/u_core_xyh/u_idu_exu/inst_ff/qout_r_reg[5]

  Ref  DFF0X      r:/WORK/g03_top_IO/u_g03_soc/u_core_xyh/u_idu_exu/inst_ff/qout_r_reg[6]

  Ref  DFF0X      r:/WORK/g03_top_IO/u_g03_soc/u_core_xyh/u_idu_exu/inst_ff/qout_r_reg[7]

  Ref  DFF0X      r:/WORK/g03_top_IO/u_g03_soc/u_core_xyh/u_idu_exu/inst_ff/qout_r_reg[8]

  Ref  DFF0X      r:/WORK/g03_top_IO/u_g03_soc/u_core_xyh/u_idu_exu/inst_ff/qout_r_reg[9]

  Ref  DFF1X      r:/WORK/g03_top_IO/u_g03_soc/u_core_xyh/u_ifu/inst_reg_reg[0]

  Ref  DFF0X      r:/WORK/g03_top_IO/u_g03_soc/u_core_xyh/u_ifu/inst_reg_reg[10]

  Ref  DFF0X      r:/WORK/g03_top_IO/u_g03_soc/u_core_xyh/u_ifu/inst_reg_reg[11]

  Ref  DFF0X      r:/WORK/g03_top_IO/u_g03_soc/u_core_xyh/u_ifu/inst_reg_reg[12]

  Ref  DFF0X      r:/WORK/g03_top_IO/u_g03_soc/u_core_xyh/u_ifu/inst_reg_reg[13]

  Ref  DFF0X      r:/WORK/g03_top_IO/u_g03_soc/u_core_xyh/u_ifu/inst_reg_reg[14]

  Ref  DFF0X      r:/WORK/g03_top_IO/u_g03_soc/u_core_xyh/u_ifu/inst_reg_reg[15]

  Ref  DFF0X      r:/WORK/g03_top_IO/u_g03_soc/u_core_xyh/u_ifu/inst_reg_reg[16]

  Ref  DFF0X      r:/WORK/g03_top_IO/u_g03_soc/u_core_xyh/u_ifu/inst_reg_reg[17]

  Ref  DFF0X      r:/WORK/g03_top_IO/u_g03_soc/u_core_xyh/u_ifu/inst_reg_reg[18]

  Ref  DFF0X      r:/WORK/g03_top_IO/u_g03_soc/u_core_xyh/u_ifu/inst_reg_reg[19]

  Ref  DFF1X      r:/WORK/g03_top_IO/u_g03_soc/u_core_xyh/u_ifu/inst_reg_reg[1]

  Ref  DFF0X      r:/WORK/g03_top_IO/u_g03_soc/u_core_xyh/u_ifu/inst_reg_reg[20]

  Ref  DFF0X      r:/WORK/g03_top_IO/u_g03_soc/u_core_xyh/u_ifu/inst_reg_reg[21]

  Ref  DFF0X      r:/WORK/g03_top_IO/u_g03_soc/u_core_xyh/u_ifu/inst_reg_reg[22]

  Ref  DFF0X      r:/WORK/g03_top_IO/u_g03_soc/u_core_xyh/u_ifu/inst_reg_reg[23]

  Ref  DFF0X      r:/WORK/g03_top_IO/u_g03_soc/u_core_xyh/u_ifu/inst_reg_reg[24]

  Ref  DFF0X      r:/WORK/g03_top_IO/u_g03_soc/u_core_xyh/u_ifu/inst_reg_reg[25]

  Ref  DFF0X      r:/WORK/g03_top_IO/u_g03_soc/u_core_xyh/u_ifu/inst_reg_reg[26]

  Ref  DFF0X      r:/WORK/g03_top_IO/u_g03_soc/u_core_xyh/u_ifu/inst_reg_reg[27]

  Ref  DFF0X      r:/WORK/g03_top_IO/u_g03_soc/u_core_xyh/u_ifu/inst_reg_reg[28]

  Ref  DFF0X      r:/WORK/g03_top_IO/u_g03_soc/u_core_xyh/u_ifu/inst_reg_reg[29]

  Ref  DFF0X      r:/WORK/g03_top_IO/u_g03_soc/u_core_xyh/u_ifu/inst_reg_reg[2]

  Ref  DFF0X      r:/WORK/g03_top_IO/u_g03_soc/u_core_xyh/u_ifu/inst_reg_reg[30]

  Ref  DFF0X      r:/WORK/g03_top_IO/u_g03_soc/u_core_xyh/u_ifu/inst_reg_reg[31]

  Ref  DFF0X      r:/WORK/g03_top_IO/u_g03_soc/u_core_xyh/u_ifu/inst_reg_reg[3]

  Ref  DFF1X      r:/WORK/g03_top_IO/u_g03_soc/u_core_xyh/u_ifu/inst_reg_reg[4]

  Ref  DFF0X      r:/WORK/g03_top_IO/u_g03_soc/u_core_xyh/u_ifu/inst_reg_reg[5]

  Ref  DFF0X      r:/WORK/g03_top_IO/u_g03_soc/u_core_xyh/u_ifu/inst_reg_reg[6]

  Ref  DFF0X      r:/WORK/g03_top_IO/u_g03_soc/u_core_xyh/u_ifu/inst_reg_reg[7]

  Ref  DFF0X      r:/WORK/g03_top_IO/u_g03_soc/u_core_xyh/u_ifu/inst_reg_reg[8]

  Ref  DFF0X      r:/WORK/g03_top_IO/u_g03_soc/u_core_xyh/u_ifu/inst_reg_reg[9]

  Ref  DFF        r:/WORK/g03_top_IO/u_g03_soc/u_core_xzr/mem_addr_r_reg[10]

  Ref  DFF        r:/WORK/g03_top_IO/u_g03_soc/u_core_xzr/mem_addr_r_reg[11]

  Ref  DFF        r:/WORK/g03_top_IO/u_g03_soc/u_core_xzr/mem_addr_r_reg[12]

  Ref  DFF        r:/WORK/g03_top_IO/u_g03_soc/u_core_xzr/mem_addr_r_reg[13]

  Ref  DFF        r:/WORK/g03_top_IO/u_g03_soc/u_core_xzr/mem_addr_r_reg[14]

  Ref  DFF        r:/WORK/g03_top_IO/u_g03_soc/u_core_xzr/mem_addr_r_reg[15]

  Ref  DFF        r:/WORK/g03_top_IO/u_g03_soc/u_core_xzr/mem_addr_r_reg[24]

  Ref  DFF        r:/WORK/g03_top_IO/u_g03_soc/u_core_xzr/mem_addr_r_reg[25]

  Ref  DFF        r:/WORK/g03_top_IO/u_g03_soc/u_core_xzr/mem_addr_r_reg[26]

  Ref  DFF        r:/WORK/g03_top_IO/u_g03_soc/u_core_xzr/mem_addr_r_reg[27]

  Ref  LAT        r:/WORK/g03_top_IO/u_g03_soc/u_core_xzr/u_ex/mem_raddr_o_reg[10]

  Ref  LAT        r:/WORK/g03_top_IO/u_g03_soc/u_core_xzr/u_ex/mem_raddr_o_reg[11]

  Ref  LAT        r:/WORK/g03_top_IO/u_g03_soc/u_core_xzr/u_ex/mem_raddr_o_reg[12]

  Ref  LAT        r:/WORK/g03_top_IO/u_g03_soc/u_core_xzr/u_ex/mem_raddr_o_reg[13]

  Ref  LAT        r:/WORK/g03_top_IO/u_g03_soc/u_core_xzr/u_ex/mem_raddr_o_reg[14]

  Ref  LAT        r:/WORK/g03_top_IO/u_g03_soc/u_core_xzr/u_ex/mem_raddr_o_reg[15]

  Ref  LAT        r:/WORK/g03_top_IO/u_g03_soc/u_core_xzr/u_ex/mem_raddr_o_reg[24]

  Ref  LAT        r:/WORK/g03_top_IO/u_g03_soc/u_core_xzr/u_ex/mem_raddr_o_reg[25]

  Ref  LAT        r:/WORK/g03_top_IO/u_g03_soc/u_core_xzr/u_ex/mem_raddr_o_reg[26]

  Ref  LAT        r:/WORK/g03_top_IO/u_g03_soc/u_core_xzr/u_ex/mem_raddr_o_reg[27]

  Ref  LAT        r:/WORK/g03_top_IO/u_g03_soc/u_core_xzr/u_ex/mem_waddr_o_reg[10]

  Ref  LAT        r:/WORK/g03_top_IO/u_g03_soc/u_core_xzr/u_ex/mem_waddr_o_reg[11]

  Ref  LAT        r:/WORK/g03_top_IO/u_g03_soc/u_core_xzr/u_ex/mem_waddr_o_reg[12]

  Ref  LAT        r:/WORK/g03_top_IO/u_g03_soc/u_core_xzr/u_ex/mem_waddr_o_reg[13]

  Ref  LAT        r:/WORK/g03_top_IO/u_g03_soc/u_core_xzr/u_ex/mem_waddr_o_reg[14]

  Ref  LAT        r:/WORK/g03_top_IO/u_g03_soc/u_core_xzr/u_ex/mem_waddr_o_reg[15]

  Ref  LAT        r:/WORK/g03_top_IO/u_g03_soc/u_core_xzr/u_ex/mem_waddr_o_reg[24]

  Ref  LAT        r:/WORK/g03_top_IO/u_g03_soc/u_core_xzr/u_ex/mem_waddr_o_reg[25]

  Ref  LAT        r:/WORK/g03_top_IO/u_g03_soc/u_core_xzr/u_ex/mem_waddr_o_reg[26]

  Ref  LAT        r:/WORK/g03_top_IO/u_g03_soc/u_core_xzr/u_ex/mem_waddr_o_reg[27]

  Ref  LATX       r:/WORK/g03_top_IO/u_g03_soc/u_core_xzr/u_id_ex/inst_addr_ff/qout_r_reg[0]

  Ref  LATX       r:/WORK/g03_top_IO/u_g03_soc/u_core_xzr/u_id_ex/inst_addr_ff/qout_r_reg[10]

  Ref  LATX       r:/WORK/g03_top_IO/u_g03_soc/u_core_xzr/u_id_ex/inst_addr_ff/qout_r_reg[11]

  Ref  LATX       r:/WORK/g03_top_IO/u_g03_soc/u_core_xzr/u_id_ex/inst_addr_ff/qout_r_reg[12]

  Ref  LATX       r:/WORK/g03_top_IO/u_g03_soc/u_core_xzr/u_id_ex/inst_addr_ff/qout_r_reg[13]

  Ref  LATX       r:/WORK/g03_top_IO/u_g03_soc/u_core_xzr/u_id_ex/inst_addr_ff/qout_r_reg[14]

  Ref  LATX       r:/WORK/g03_top_IO/u_g03_soc/u_core_xzr/u_id_ex/inst_addr_ff/qout_r_reg[15]

  Ref  LATX       r:/WORK/g03_top_IO/u_g03_soc/u_core_xzr/u_id_ex/inst_addr_ff/qout_r_reg[16]

  Ref  LATX       r:/WORK/g03_top_IO/u_g03_soc/u_core_xzr/u_id_ex/inst_addr_ff/qout_r_reg[17]

  Ref  LATX       r:/WORK/g03_top_IO/u_g03_soc/u_core_xzr/u_id_ex/inst_addr_ff/qout_r_reg[18]

  Ref  LATX       r:/WORK/g03_top_IO/u_g03_soc/u_core_xzr/u_id_ex/inst_addr_ff/qout_r_reg[19]

  Ref  LATX       r:/WORK/g03_top_IO/u_g03_soc/u_core_xzr/u_id_ex/inst_addr_ff/qout_r_reg[1]

  Ref  LATX       r:/WORK/g03_top_IO/u_g03_soc/u_core_xzr/u_id_ex/inst_addr_ff/qout_r_reg[20]

  Ref  LATX       r:/WORK/g03_top_IO/u_g03_soc/u_core_xzr/u_id_ex/inst_addr_ff/qout_r_reg[21]

  Ref  LATX       r:/WORK/g03_top_IO/u_g03_soc/u_core_xzr/u_id_ex/inst_addr_ff/qout_r_reg[22]

  Ref  LATX       r:/WORK/g03_top_IO/u_g03_soc/u_core_xzr/u_id_ex/inst_addr_ff/qout_r_reg[23]

  Ref  LATX       r:/WORK/g03_top_IO/u_g03_soc/u_core_xzr/u_id_ex/inst_addr_ff/qout_r_reg[24]

  Ref  LATX       r:/WORK/g03_top_IO/u_g03_soc/u_core_xzr/u_id_ex/inst_addr_ff/qout_r_reg[25]

  Ref  LATX       r:/WORK/g03_top_IO/u_g03_soc/u_core_xzr/u_id_ex/inst_addr_ff/qout_r_reg[26]

  Ref  LATX       r:/WORK/g03_top_IO/u_g03_soc/u_core_xzr/u_id_ex/inst_addr_ff/qout_r_reg[27]

  Ref  LATX       r:/WORK/g03_top_IO/u_g03_soc/u_core_xzr/u_id_ex/inst_addr_ff/qout_r_reg[28]

  Ref  LATX       r:/WORK/g03_top_IO/u_g03_soc/u_core_xzr/u_id_ex/inst_addr_ff/qout_r_reg[29]

  Ref  LATX       r:/WORK/g03_top_IO/u_g03_soc/u_core_xzr/u_id_ex/inst_addr_ff/qout_r_reg[2]

  Ref  LATX       r:/WORK/g03_top_IO/u_g03_soc/u_core_xzr/u_id_ex/inst_addr_ff/qout_r_reg[30]

  Ref  LATX       r:/WORK/g03_top_IO/u_g03_soc/u_core_xzr/u_id_ex/inst_addr_ff/qout_r_reg[31]

  Ref  LATX       r:/WORK/g03_top_IO/u_g03_soc/u_core_xzr/u_id_ex/inst_addr_ff/qout_r_reg[3]

  Ref  LATX       r:/WORK/g03_top_IO/u_g03_soc/u_core_xzr/u_id_ex/inst_addr_ff/qout_r_reg[4]

  Ref  LATX       r:/WORK/g03_top_IO/u_g03_soc/u_core_xzr/u_id_ex/inst_addr_ff/qout_r_reg[5]

  Ref  LATX       r:/WORK/g03_top_IO/u_g03_soc/u_core_xzr/u_id_ex/inst_addr_ff/qout_r_reg[6]

  Ref  LATX       r:/WORK/g03_top_IO/u_g03_soc/u_core_xzr/u_id_ex/inst_addr_ff/qout_r_reg[7]

  Ref  LATX       r:/WORK/g03_top_IO/u_g03_soc/u_core_xzr/u_id_ex/inst_addr_ff/qout_r_reg[8]

  Ref  LATX       r:/WORK/g03_top_IO/u_g03_soc/u_core_xzr/u_id_ex/inst_addr_ff/qout_r_reg[9]

  Ref  DFF        r:/WORK/g03_top_IO/u_g03_soc/u_core_xzr/u_id_ex/inst_ff/qout_r_reg[10]

  Ref  DFF        r:/WORK/g03_top_IO/u_g03_soc/u_core_xzr/u_id_ex/inst_ff/qout_r_reg[11]

  Ref  DFF        r:/WORK/g03_top_IO/u_g03_soc/u_core_xzr/u_id_ex/inst_ff/qout_r_reg[15]

  Ref  DFF        r:/WORK/g03_top_IO/u_g03_soc/u_core_xzr/u_id_ex/inst_ff/qout_r_reg[16]

  Ref  DFF        r:/WORK/g03_top_IO/u_g03_soc/u_core_xzr/u_id_ex/inst_ff/qout_r_reg[17]

  Ref  DFF        r:/WORK/g03_top_IO/u_g03_soc/u_core_xzr/u_id_ex/inst_ff/qout_r_reg[18]

  Ref  DFF        r:/WORK/g03_top_IO/u_g03_soc/u_core_xzr/u_id_ex/inst_ff/qout_r_reg[19]

  Ref  DFF        r:/WORK/g03_top_IO/u_g03_soc/u_core_xzr/u_id_ex/inst_ff/qout_r_reg[9]

  Ref  DFFX       r:/WORK/g03_top_IO/u_g03_soc/u_core_xzr/u_if_id/hold_en2_reg

  Ref  DFF        r:/WORK/g03_top_IO/u_g03_soc/u_perips_top/u_bridge_hjx/ctrl_reg_reg[4]

  Ref  DFF0X      r:/WORK/g03_top_IO/u_g03_soc/u_perips_top/u_bridge_hjx/ctrl_reg_reg[5]

  Ref  DFF0X      r:/WORK/g03_top_IO/u_g03_soc/u_perips_top/u_bridge_hjx/ctrl_reg_reg[6]

  Ref  DFF        r:/WORK/g03_top_IO/u_g03_soc/u_perips_top/u_bridge_xyh/u_protocol/ctrl_reg_reg[4]

  Ref  DFF0X      r:/WORK/g03_top_IO/u_g03_soc/u_perips_top/u_bridge_xyh/u_protocol/ctrl_reg_reg[5]

  Ref  DFF0X      r:/WORK/g03_top_IO/u_g03_soc/u_perips_top/u_bridge_xyh/u_protocol/ctrl_reg_reg[6]

  Ref  DFF0X      r:/WORK/g03_top_IO/u_g03_soc/u_perips_top/u_i2c/reg_status_reg[0]

  Ref  DFF        r:/WORK/g03_top_IO/u_g03_soc/u_perips_top/u_rib/rsp_slave_sel_r_reg[2]

  Ref  DFF        r:/WORK/g03_top_IO/u_g03_soc/u_perips_top/u_rib/rsp_slave_sel_r_reg[4]

  Ref  DFF        r:/WORK/g03_top_IO/u_g03_soc/u_perips_top/u_rib/rsp_slave_sel_r_reg[5]

  Ref  LAT0X      r:/WORK/g03_top_IO/u_g03_soc/u_perips_top/u_uart/uart_tx_reg[16]

  Ref  LAT0X      r:/WORK/g03_top_IO/u_g03_soc/u_perips_top/u_uart/uart_tx_reg[17]

  Ref  LAT0X      r:/WORK/g03_top_IO/u_g03_soc/u_perips_top/u_uart/uart_tx_reg[18]

  Ref  LAT0X      r:/WORK/g03_top_IO/u_g03_soc/u_perips_top/u_uart/uart_tx_reg[19]

  Ref  LAT0X      r:/WORK/g03_top_IO/u_g03_soc/u_perips_top/u_uart/uart_tx_reg[20]

  Ref  LAT0X      r:/WORK/g03_top_IO/u_g03_soc/u_perips_top/u_uart/uart_tx_reg[21]

  Ref  LAT0X      r:/WORK/g03_top_IO/u_g03_soc/u_perips_top/u_uart/uart_tx_reg[22]

  Ref  LAT0X      r:/WORK/g03_top_IO/u_g03_soc/u_perips_top/u_uart/uart_tx_reg[23]

  Ref  LAT0X      r:/WORK/g03_top_IO/u_g03_soc/u_perips_top/u_uart/uart_tx_reg[24]

  Ref  LAT0X      r:/WORK/g03_top_IO/u_g03_soc/u_perips_top/u_uart/uart_tx_reg[25]

  Ref  LAT0X      r:/WORK/g03_top_IO/u_g03_soc/u_perips_top/u_uart/uart_tx_reg[26]

  Ref  LAT0X      r:/WORK/g03_top_IO/u_g03_soc/u_perips_top/u_uart/uart_tx_reg[27]

  Ref  LAT0X      r:/WORK/g03_top_IO/u_g03_soc/u_perips_top/u_uart/uart_tx_reg[28]

  Ref  LAT0X      r:/WORK/g03_top_IO/u_g03_soc/u_perips_top/u_uart/uart_tx_reg[29]

  Ref  LAT0X      r:/WORK/g03_top_IO/u_g03_soc/u_perips_top/u_uart/uart_tx_reg[30]

  Ref  LAT0X      r:/WORK/g03_top_IO/u_g03_soc/u_perips_top/u_uart/uart_tx_reg[31]

  Ref  DFF        r:/WORK/g03_top_IO/u_g03_soc/u_perips_top/u_uart_debug/bus_addr_reg[10]

  Ref  DFF        r:/WORK/g03_top_IO/u_g03_soc/u_perips_top/u_uart_debug/bus_addr_reg[11]

  Ref  DFF        r:/WORK/g03_top_IO/u_g03_soc/u_perips_top/u_uart_debug/bus_addr_reg[12]

  Ref  DFF        r:/WORK/g03_top_IO/u_g03_soc/u_perips_top/u_uart_debug/bus_addr_reg[13]

  Ref  DFF        r:/WORK/g03_top_IO/u_g03_soc/u_perips_top/u_uart_debug/bus_addr_reg[14]

  Ref  DFF        r:/WORK/g03_top_IO/u_g03_soc/u_perips_top/u_uart_debug/bus_addr_reg[15]

  Ref  DFF        r:/WORK/g03_top_IO/u_g03_soc/u_perips_top/u_uart_debug/bus_addr_reg[24]

  Ref  DFF        r:/WORK/g03_top_IO/u_g03_soc/u_perips_top/u_uart_debug/bus_addr_reg[25]

  Ref  DFF        r:/WORK/g03_top_IO/u_g03_soc/u_perips_top/u_uart_debug/bus_addr_reg[26]

  Ref  DFF        r:/WORK/g03_top_IO/u_g03_soc/u_perips_top/u_uart_debug/bus_addr_reg[27]

  Ref  DFFX       r:/WORK/g03_top_IO/u_g03_soc/u_perips_top/u_uart_debug/bus_rdata_reg[10]

  Ref  DFFX       r:/WORK/g03_top_IO/u_g03_soc/u_perips_top/u_uart_debug/bus_rdata_reg[11]

  Ref  DFFX       r:/WORK/g03_top_IO/u_g03_soc/u_perips_top/u_uart_debug/bus_rdata_reg[12]

  Ref  DFFX       r:/WORK/g03_top_IO/u_g03_soc/u_perips_top/u_uart_debug/bus_rdata_reg[13]

  Ref  DFFX       r:/WORK/g03_top_IO/u_g03_soc/u_perips_top/u_uart_debug/bus_rdata_reg[14]

  Ref  DFFX       r:/WORK/g03_top_IO/u_g03_soc/u_perips_top/u_uart_debug/bus_rdata_reg[15]

  Ref  DFFX       r:/WORK/g03_top_IO/u_g03_soc/u_perips_top/u_uart_debug/bus_rdata_reg[16]

  Ref  DFFX       r:/WORK/g03_top_IO/u_g03_soc/u_perips_top/u_uart_debug/bus_rdata_reg[17]

  Ref  DFFX       r:/WORK/g03_top_IO/u_g03_soc/u_perips_top/u_uart_debug/bus_rdata_reg[18]

  Ref  DFFX       r:/WORK/g03_top_IO/u_g03_soc/u_perips_top/u_uart_debug/bus_rdata_reg[19]

  Ref  DFFX       r:/WORK/g03_top_IO/u_g03_soc/u_perips_top/u_uart_debug/bus_rdata_reg[20]

  Ref  DFFX       r:/WORK/g03_top_IO/u_g03_soc/u_perips_top/u_uart_debug/bus_rdata_reg[21]

  Ref  DFFX       r:/WORK/g03_top_IO/u_g03_soc/u_perips_top/u_uart_debug/bus_rdata_reg[22]

  Ref  DFFX       r:/WORK/g03_top_IO/u_g03_soc/u_perips_top/u_uart_debug/bus_rdata_reg[23]

  Ref  DFFX       r:/WORK/g03_top_IO/u_g03_soc/u_perips_top/u_uart_debug/bus_rdata_reg[24]

  Ref  DFFX       r:/WORK/g03_top_IO/u_g03_soc/u_perips_top/u_uart_debug/bus_rdata_reg[25]

  Ref  DFFX       r:/WORK/g03_top_IO/u_g03_soc/u_perips_top/u_uart_debug/bus_rdata_reg[26]

  Ref  DFFX       r:/WORK/g03_top_IO/u_g03_soc/u_perips_top/u_uart_debug/bus_rdata_reg[27]

  Ref  DFFX       r:/WORK/g03_top_IO/u_g03_soc/u_perips_top/u_uart_debug/bus_rdata_reg[28]

  Ref  DFFX       r:/WORK/g03_top_IO/u_g03_soc/u_perips_top/u_uart_debug/bus_rdata_reg[29]

  Ref  DFFX       r:/WORK/g03_top_IO/u_g03_soc/u_perips_top/u_uart_debug/bus_rdata_reg[30]

  Ref  DFFX       r:/WORK/g03_top_IO/u_g03_soc/u_perips_top/u_uart_debug/bus_rdata_reg[31]

  Ref  DFFX       r:/WORK/g03_top_IO/u_g03_soc/u_perips_top/u_uart_debug/bus_rdata_reg[8]

  Ref  DFFX       r:/WORK/g03_top_IO/u_g03_soc/u_perips_top/u_uart_debug/bus_rdata_reg[9]

  Ref  DFF        r:/WORK/g03_top_IO/u_g03_soc/u_perips_top/u_uart_debug/fw_file_size_reg[21]

  Ref  DFF        r:/WORK/g03_top_IO/u_g03_soc/u_perips_top/u_uart_debug/fw_file_size_reg[22]

  Ref  DFF        r:/WORK/g03_top_IO/u_g03_soc/u_perips_top/u_uart_debug/fw_file_size_reg[23]

  Ref  DFF        r:/WORK/g03_top_IO/u_g03_soc/u_perips_top/u_uart_debug/fw_file_size_reg[24]

  Ref  DFF        r:/WORK/g03_top_IO/u_g03_soc/u_perips_top/u_uart_debug/fw_file_size_reg[25]

  Ref  DFF        r:/WORK/g03_top_IO/u_g03_soc/u_perips_top/u_uart_debug/fw_file_size_reg[26]

  Ref  DFF        r:/WORK/g03_top_IO/u_g03_soc/u_perips_top/u_uart_debug/fw_file_size_reg[27]

  Ref  DFF        r:/WORK/g03_top_IO/u_g03_soc/u_perips_top/u_uart_debug/fw_file_size_reg[28]

  Ref  DFF        r:/WORK/g03_top_IO/u_g03_soc/u_perips_top/u_uart_debug/fw_file_size_reg[29]

  Ref  DFF        r:/WORK/g03_top_IO/u_g03_soc/u_perips_top/u_uart_debug/fw_file_size_reg[30]

  Ref  DFF        r:/WORK/g03_top_IO/u_g03_soc/u_perips_top/u_uart_debug/fw_file_size_reg[31]

  Ref  DFF        r:/WORK/g03_top_IO/u_g03_soc/u_perips_top/u_uart_debug/mem_addr_o_reg[10]

  Ref  DFF        r:/WORK/g03_top_IO/u_g03_soc/u_perips_top/u_uart_debug/mem_addr_o_reg[11]

  Ref  DFF        r:/WORK/g03_top_IO/u_g03_soc/u_perips_top/u_uart_debug/mem_addr_o_reg[12]

  Ref  DFF        r:/WORK/g03_top_IO/u_g03_soc/u_perips_top/u_uart_debug/mem_addr_o_reg[13]

  Ref  DFF        r:/WORK/g03_top_IO/u_g03_soc/u_perips_top/u_uart_debug/mem_addr_o_reg[14]

  Ref  DFF        r:/WORK/g03_top_IO/u_g03_soc/u_perips_top/u_uart_debug/mem_addr_o_reg[15]

  Ref  DFF        r:/WORK/g03_top_IO/u_g03_soc/u_perips_top/u_uart_debug/mem_addr_o_reg[24]

  Ref  DFF        r:/WORK/g03_top_IO/u_g03_soc/u_perips_top/u_uart_debug/mem_addr_o_reg[25]

  Ref  DFF        r:/WORK/g03_top_IO/u_g03_soc/u_perips_top/u_uart_debug/mem_addr_o_reg[26]

  Ref  DFF        r:/WORK/g03_top_IO/u_g03_soc/u_perips_top/u_uart_debug/mem_addr_o_reg[27]

 [BBNet: multiply-driven net
  BBox:  black-box
  BBPin: black-box pin
  Block: hierarchical block
  BlPin: hierarchical block pin
  Cut:   cut-point
  DFF:   non-constant DFF register
  DFF0:  constant 0 DFF register
  DFF1:  constant 1 DFF register
  DFFX:  constant X DFF register
  DFF0X: constrained 0X DFF register
  DFF1X: constrained 1X DFF register
  LAT:   non-constant latch register
  LAT0:  constant 0 latch register
  LAT1:  constant 1 latch register
  LATX:  constant X latch register
  LAT0X: constrained 0X latch register
  LAT1X: constrained 1X latch register
  LATCG: clock-gating latch register
  TLA:   transparent latch register
  TLA0X: transparent constrained 0X latch register
  TLA1X: transparent constrained 1X latch register
  Loop:  cycle break point
  Net:   matchable net
  Port:  primary (top-level) port
  Und:   undriven signal cut-point
  Unk:   unknown signal cut-point]

1
