Information: Updating design information... (UID-85)
Warning: Design 'g03_top_IO' contains 9 high-fanout nets. A fanout number of 1000 will be used for delay calculations involving these nets. (TIM-134)

Information: Checking generated_clocks...

Information: Checking loops...

Information: Checking no_input_delay...

Information: Checking unconstrained_endpoints...

Warning: The following end-points are not constrained for maximum delay.

End point
---------------
u_g03_soc/u_core_xzr/u_ex/jump_addr_reg[0]/data_in
u_g03_soc/u_core_xzr/u_ex/jump_addr_reg[1]/data_in
u_g03_soc/u_core_xzr/u_ex/jump_addr_reg[2]/data_in
u_g03_soc/u_core_xzr/u_ex/jump_addr_reg[3]/data_in
u_g03_soc/u_core_xzr/u_ex/jump_addr_reg[4]/data_in
u_g03_soc/u_core_xzr/u_ex/jump_addr_reg[5]/data_in
u_g03_soc/u_core_xzr/u_ex/jump_addr_reg[6]/data_in
u_g03_soc/u_core_xzr/u_ex/jump_addr_reg[7]/data_in
u_g03_soc/u_core_xzr/u_ex/jump_addr_reg[8]/data_in
u_g03_soc/u_core_xzr/u_ex/jump_addr_reg[9]/data_in
u_g03_soc/u_core_xzr/u_ex/jump_addr_reg[10]/data_in
u_g03_soc/u_core_xzr/u_ex/jump_addr_reg[11]/data_in
u_g03_soc/u_core_xzr/u_ex/jump_addr_reg[12]/data_in
u_g03_soc/u_core_xzr/u_ex/jump_addr_reg[13]/data_in
u_g03_soc/u_core_xzr/u_ex/jump_addr_reg[14]/data_in
u_g03_soc/u_core_xzr/u_ex/jump_addr_reg[15]/data_in
u_g03_soc/u_core_xzr/u_ex/jump_addr_reg[16]/data_in
u_g03_soc/u_core_xzr/u_ex/jump_addr_reg[17]/data_in
u_g03_soc/u_core_xzr/u_ex/jump_addr_reg[18]/data_in
u_g03_soc/u_core_xzr/u_ex/jump_addr_reg[19]/data_in
u_g03_soc/u_core_xzr/u_ex/jump_addr_reg[20]/data_in
u_g03_soc/u_core_xzr/u_ex/jump_addr_reg[21]/data_in
u_g03_soc/u_core_xzr/u_ex/jump_addr_reg[22]/data_in
u_g03_soc/u_core_xzr/u_ex/jump_addr_reg[23]/data_in
u_g03_soc/u_core_xzr/u_ex/jump_addr_reg[24]/data_in
u_g03_soc/u_core_xzr/u_ex/jump_addr_reg[25]/data_in
u_g03_soc/u_core_xzr/u_ex/jump_addr_reg[26]/data_in
u_g03_soc/u_core_xzr/u_ex/jump_addr_reg[27]/data_in
u_g03_soc/u_core_xzr/u_ex/jump_addr_reg[28]/data_in
u_g03_soc/u_core_xzr/u_ex/jump_addr_reg[29]/data_in
u_g03_soc/u_core_xzr/u_ex/jump_addr_reg[30]/data_in
u_g03_soc/u_core_xzr/u_ex/jump_addr_reg[31]/data_in
u_g03_soc/u_core_xzr/u_ex/jump_flag_reg/data_in
u_g03_soc/u_core_xzr/u_ex/mem_raddr_o_reg[0]/data_in
u_g03_soc/u_core_xzr/u_ex/mem_raddr_o_reg[1]/data_in
u_g03_soc/u_core_xzr/u_ex/mem_raddr_o_reg[2]/data_in
u_g03_soc/u_core_xzr/u_ex/mem_raddr_o_reg[3]/data_in
u_g03_soc/u_core_xzr/u_ex/mem_raddr_o_reg[4]/data_in
u_g03_soc/u_core_xzr/u_ex/mem_raddr_o_reg[5]/data_in
u_g03_soc/u_core_xzr/u_ex/mem_raddr_o_reg[6]/data_in
u_g03_soc/u_core_xzr/u_ex/mem_raddr_o_reg[7]/data_in
u_g03_soc/u_core_xzr/u_ex/mem_raddr_o_reg[8]/data_in
u_g03_soc/u_core_xzr/u_ex/mem_raddr_o_reg[9]/data_in
u_g03_soc/u_core_xzr/u_ex/mem_raddr_o_reg[10]/data_in
u_g03_soc/u_core_xzr/u_ex/mem_raddr_o_reg[11]/data_in
u_g03_soc/u_core_xzr/u_ex/mem_raddr_o_reg[12]/data_in
u_g03_soc/u_core_xzr/u_ex/mem_raddr_o_reg[13]/data_in
u_g03_soc/u_core_xzr/u_ex/mem_raddr_o_reg[14]/data_in
u_g03_soc/u_core_xzr/u_ex/mem_raddr_o_reg[15]/data_in
u_g03_soc/u_core_xzr/u_ex/mem_raddr_o_reg[16]/data_in
u_g03_soc/u_core_xzr/u_ex/mem_raddr_o_reg[17]/data_in
u_g03_soc/u_core_xzr/u_ex/mem_raddr_o_reg[18]/data_in
u_g03_soc/u_core_xzr/u_ex/mem_raddr_o_reg[19]/data_in
u_g03_soc/u_core_xzr/u_ex/mem_raddr_o_reg[20]/data_in
u_g03_soc/u_core_xzr/u_ex/mem_raddr_o_reg[21]/data_in
u_g03_soc/u_core_xzr/u_ex/mem_raddr_o_reg[22]/data_in
u_g03_soc/u_core_xzr/u_ex/mem_raddr_o_reg[23]/data_in
u_g03_soc/u_core_xzr/u_ex/mem_raddr_o_reg[24]/data_in
u_g03_soc/u_core_xzr/u_ex/mem_raddr_o_reg[25]/data_in
u_g03_soc/u_core_xzr/u_ex/mem_raddr_o_reg[26]/data_in
u_g03_soc/u_core_xzr/u_ex/mem_raddr_o_reg[27]/data_in
u_g03_soc/u_core_xzr/u_ex/mem_raddr_o_reg[28]/data_in
u_g03_soc/u_core_xzr/u_ex/mem_raddr_o_reg[29]/data_in
u_g03_soc/u_core_xzr/u_ex/mem_raddr_o_reg[30]/data_in
u_g03_soc/u_core_xzr/u_ex/mem_raddr_o_reg[31]/data_in
u_g03_soc/u_core_xzr/u_ex/mem_waddr_o_reg[0]/data_in
u_g03_soc/u_core_xzr/u_ex/mem_waddr_o_reg[1]/data_in
u_g03_soc/u_core_xzr/u_ex/mem_waddr_o_reg[2]/data_in
u_g03_soc/u_core_xzr/u_ex/mem_waddr_o_reg[3]/data_in
u_g03_soc/u_core_xzr/u_ex/mem_waddr_o_reg[4]/data_in
u_g03_soc/u_core_xzr/u_ex/mem_waddr_o_reg[5]/data_in
u_g03_soc/u_core_xzr/u_ex/mem_waddr_o_reg[6]/data_in
u_g03_soc/u_core_xzr/u_ex/mem_waddr_o_reg[7]/data_in
u_g03_soc/u_core_xzr/u_ex/mem_waddr_o_reg[8]/data_in
u_g03_soc/u_core_xzr/u_ex/mem_waddr_o_reg[9]/data_in
u_g03_soc/u_core_xzr/u_ex/mem_waddr_o_reg[10]/data_in
u_g03_soc/u_core_xzr/u_ex/mem_waddr_o_reg[11]/data_in
u_g03_soc/u_core_xzr/u_ex/mem_waddr_o_reg[12]/data_in
u_g03_soc/u_core_xzr/u_ex/mem_waddr_o_reg[13]/data_in
u_g03_soc/u_core_xzr/u_ex/mem_waddr_o_reg[14]/data_in
u_g03_soc/u_core_xzr/u_ex/mem_waddr_o_reg[15]/data_in
u_g03_soc/u_core_xzr/u_ex/mem_waddr_o_reg[16]/data_in
u_g03_soc/u_core_xzr/u_ex/mem_waddr_o_reg[17]/data_in
u_g03_soc/u_core_xzr/u_ex/mem_waddr_o_reg[18]/data_in
u_g03_soc/u_core_xzr/u_ex/mem_waddr_o_reg[19]/data_in
u_g03_soc/u_core_xzr/u_ex/mem_waddr_o_reg[20]/data_in
u_g03_soc/u_core_xzr/u_ex/mem_waddr_o_reg[21]/data_in
u_g03_soc/u_core_xzr/u_ex/mem_waddr_o_reg[22]/data_in
u_g03_soc/u_core_xzr/u_ex/mem_waddr_o_reg[23]/data_in
u_g03_soc/u_core_xzr/u_ex/mem_waddr_o_reg[24]/data_in
u_g03_soc/u_core_xzr/u_ex/mem_waddr_o_reg[25]/data_in
u_g03_soc/u_core_xzr/u_ex/mem_waddr_o_reg[26]/data_in
u_g03_soc/u_core_xzr/u_ex/mem_waddr_o_reg[27]/data_in
u_g03_soc/u_core_xzr/u_ex/mem_waddr_o_reg[28]/data_in
u_g03_soc/u_core_xzr/u_ex/mem_waddr_o_reg[29]/data_in
u_g03_soc/u_core_xzr/u_ex/mem_waddr_o_reg[30]/data_in
u_g03_soc/u_core_xzr/u_ex/mem_waddr_o_reg[31]/data_in
u_g03_soc/u_core_xzr/u_ex/mem_wdata_o_reg[0]/data_in
u_g03_soc/u_core_xzr/u_ex/mem_wdata_o_reg[1]/data_in
u_g03_soc/u_core_xzr/u_ex/mem_wdata_o_reg[2]/data_in
u_g03_soc/u_core_xzr/u_ex/mem_wdata_o_reg[3]/data_in
u_g03_soc/u_core_xzr/u_ex/mem_wdata_o_reg[4]/data_in
u_g03_soc/u_core_xzr/u_ex/mem_wdata_o_reg[5]/data_in
u_g03_soc/u_core_xzr/u_ex/mem_wdata_o_reg[6]/data_in
u_g03_soc/u_core_xzr/u_ex/mem_wdata_o_reg[7]/data_in
u_g03_soc/u_core_xzr/u_ex/mem_wdata_o_reg[8]/data_in
u_g03_soc/u_core_xzr/u_ex/mem_wdata_o_reg[9]/data_in
u_g03_soc/u_core_xzr/u_ex/mem_wdata_o_reg[10]/data_in
u_g03_soc/u_core_xzr/u_ex/mem_wdata_o_reg[11]/data_in
u_g03_soc/u_core_xzr/u_ex/mem_wdata_o_reg[12]/data_in
u_g03_soc/u_core_xzr/u_ex/mem_wdata_o_reg[13]/data_in
u_g03_soc/u_core_xzr/u_ex/mem_wdata_o_reg[14]/data_in
u_g03_soc/u_core_xzr/u_ex/mem_wdata_o_reg[15]/data_in
u_g03_soc/u_core_xzr/u_ex/mem_wdata_o_reg[16]/data_in
u_g03_soc/u_core_xzr/u_ex/mem_wdata_o_reg[17]/data_in
u_g03_soc/u_core_xzr/u_ex/mem_wdata_o_reg[18]/data_in
u_g03_soc/u_core_xzr/u_ex/mem_wdata_o_reg[19]/data_in
u_g03_soc/u_core_xzr/u_ex/mem_wdata_o_reg[20]/data_in
u_g03_soc/u_core_xzr/u_ex/mem_wdata_o_reg[21]/data_in
u_g03_soc/u_core_xzr/u_ex/mem_wdata_o_reg[22]/data_in
u_g03_soc/u_core_xzr/u_ex/mem_wdata_o_reg[23]/data_in
u_g03_soc/u_core_xzr/u_ex/mem_wdata_o_reg[24]/data_in
u_g03_soc/u_core_xzr/u_ex/mem_wdata_o_reg[25]/data_in
u_g03_soc/u_core_xzr/u_ex/mem_wdata_o_reg[26]/data_in
u_g03_soc/u_core_xzr/u_ex/mem_wdata_o_reg[27]/data_in
u_g03_soc/u_core_xzr/u_ex/mem_wdata_o_reg[28]/data_in
u_g03_soc/u_core_xzr/u_ex/mem_wdata_o_reg[29]/data_in
u_g03_soc/u_core_xzr/u_ex/mem_wdata_o_reg[30]/data_in
u_g03_soc/u_core_xzr/u_ex/mem_wdata_o_reg[31]/data_in
u_g03_soc/u_core_xzr/u_ex/mem_we_reg/data_in
u_g03_soc/u_core_xzr/u_ex/reg_wdata_reg[0]/data_in
u_g03_soc/u_core_xzr/u_ex/reg_wdata_reg[1]/data_in
u_g03_soc/u_core_xzr/u_ex/reg_wdata_reg[2]/data_in
u_g03_soc/u_core_xzr/u_ex/reg_wdata_reg[3]/data_in
u_g03_soc/u_core_xzr/u_ex/reg_wdata_reg[4]/data_in
u_g03_soc/u_core_xzr/u_ex/reg_wdata_reg[5]/data_in
u_g03_soc/u_core_xzr/u_ex/reg_wdata_reg[6]/data_in
u_g03_soc/u_core_xzr/u_ex/reg_wdata_reg[7]/data_in
u_g03_soc/u_core_xzr/u_ex/reg_wdata_reg[8]/data_in
u_g03_soc/u_core_xzr/u_ex/reg_wdata_reg[9]/data_in
u_g03_soc/u_core_xzr/u_ex/reg_wdata_reg[10]/data_in
u_g03_soc/u_core_xzr/u_ex/reg_wdata_reg[11]/data_in
u_g03_soc/u_core_xzr/u_ex/reg_wdata_reg[12]/data_in
u_g03_soc/u_core_xzr/u_ex/reg_wdata_reg[13]/data_in
u_g03_soc/u_core_xzr/u_ex/reg_wdata_reg[14]/data_in
u_g03_soc/u_core_xzr/u_ex/reg_wdata_reg[15]/data_in
u_g03_soc/u_core_xzr/u_ex/reg_wdata_reg[16]/data_in
u_g03_soc/u_core_xzr/u_ex/reg_wdata_reg[17]/data_in
u_g03_soc/u_core_xzr/u_ex/reg_wdata_reg[18]/data_in
u_g03_soc/u_core_xzr/u_ex/reg_wdata_reg[19]/data_in
u_g03_soc/u_core_xzr/u_ex/reg_wdata_reg[20]/data_in
u_g03_soc/u_core_xzr/u_ex/reg_wdata_reg[21]/data_in
u_g03_soc/u_core_xzr/u_ex/reg_wdata_reg[22]/data_in
u_g03_soc/u_core_xzr/u_ex/reg_wdata_reg[23]/data_in
u_g03_soc/u_core_xzr/u_ex/reg_wdata_reg[24]/data_in
u_g03_soc/u_core_xzr/u_ex/reg_wdata_reg[25]/data_in
u_g03_soc/u_core_xzr/u_ex/reg_wdata_reg[26]/data_in
u_g03_soc/u_core_xzr/u_ex/reg_wdata_reg[27]/data_in
u_g03_soc/u_core_xzr/u_ex/reg_wdata_reg[28]/data_in
u_g03_soc/u_core_xzr/u_ex/reg_wdata_reg[29]/data_in
u_g03_soc/u_core_xzr/u_ex/reg_wdata_reg[30]/data_in
u_g03_soc/u_core_xzr/u_ex/reg_wdata_reg[31]/data_in
u_g03_soc/u_core_xzr/u_id/reg1_raddr_o_reg[0]/data_in
u_g03_soc/u_core_xzr/u_id/reg1_raddr_o_reg[1]/data_in
u_g03_soc/u_core_xzr/u_id/reg1_raddr_o_reg[2]/data_in
u_g03_soc/u_core_xzr/u_id/reg1_raddr_o_reg[3]/data_in
u_g03_soc/u_core_xzr/u_id/reg1_raddr_o_reg[4]/data_in
u_g03_soc/u_core_xzr/u_id/reg2_raddr_o_reg[0]/data_in
u_g03_soc/u_core_xzr/u_id/reg2_raddr_o_reg[1]/data_in
u_g03_soc/u_core_xzr/u_id/reg2_raddr_o_reg[2]/data_in
u_g03_soc/u_core_xzr/u_id/reg2_raddr_o_reg[3]/data_in
u_g03_soc/u_core_xzr/u_id/reg2_raddr_o_reg[4]/data_in
u_g03_soc/u_core_xzr/u_id/reg_waddr_o_reg[0]/data_in
u_g03_soc/u_core_xzr/u_id/reg_waddr_o_reg[1]/data_in
u_g03_soc/u_core_xzr/u_id/reg_waddr_o_reg[2]/data_in
u_g03_soc/u_core_xzr/u_id/reg_waddr_o_reg[3]/data_in
u_g03_soc/u_core_xzr/u_id/reg_waddr_o_reg[4]/data_in
u_g03_soc/u_core_xzr/u_id/reg_we_o_reg/data_in

Information: Checking pulse_clock_cell_type...

Information: Checking no_driving_cell...

Information: Checking partial_input_delay...
1
